====================================================
Parsing file test6
Parsing succeded. Results:
List of all variables:
Vector(x, y, z)
List of all polynomials:
Vector((1.0 y^2 + (4.0  + -4.0 z + 1.0 z^2)) + (-2.0 y)x + 1.0 x^2, -2.0  + 1.0 z)

List of desired signs : Vector(=, >)
Analysed polynomials: 
(1.0 y^2 + (4.0  + -4.0 z + 1.0 z^2)) + (-2.0 y)x + 1.0 x^2
-2.0  + 1.0 z
vars: Vector(x, y, z)

Univariate projection (on real axis) contains these polynomials: 
4.0  + -4.0 z + 1.0 z^2
-2.0  + 1.0 z
16.0  + -16.0 z + 4.0 z^2
256.0  + -512.0 z + 384.0 z^2 + -128.0 z^3 + 16.0 z^4
16.0  + -32.0 z + 24.0 z^2 + -8.0 z^3 + 1.0 z^4

There are 15 cells
Map(x -> 0.0, y -> -1.0, z -> 1.0)
Map(x -> 0.0, y -> 0.0, z -> 1.0)
Map(x -> 0.0, y -> 1.0, z -> 1.0)
Map(x -> -2.0000010001062365, y -> -1.0, z -> 2.0)
Map(x -> -1.0000010001062365, y -> -1.0, z -> 2.0)
Map(x -> -1.000106236492826E-6, y -> -1.0, z -> 2.0)
Map(x -> -1.0000010003753592, y -> 0.0, z -> 2.0)
Map(x -> -1.0003753592931224E-6, y -> 0.0, z -> 2.0)
Map(x -> 0.9999989996246407, y -> 0.0, z -> 2.0)
Map(x -> -9.99973676307775E-7, y -> 1.0, z -> 2.0)
Map(x -> 0.9999990000263237, y -> 1.0, z -> 2.0)
Map(x -> 1.9999990000263237, y -> 1.0, z -> 2.0)
Map(x -> 0.0, y -> -1.0, z -> 3.0)
Map(x -> 0.0, y -> 0.0, z -> 3.0)
Map(x -> 0.0, y -> 1.0, z -> 3.0)
====== FINAL RESULT FOR test6 ================================
null

